2025-09-02 09:01:31,244 - INFO - Bắt đầu lọc file: D:/Games/Baldurt's Gate VH/baldurts-gate-3/data/wip/Package English VH CutCanhTem Path8/english.xml
2025-09-02 09:01:31,245 - INFO - Filters: {'ui_technical': True, 'english': False, 'separate': False}
2025-09-02 09:02:07,021 - INFO - Đã xóa file báo cáo: output/filtered\filter_report_20250902_090131.json
2025-09-02 09:02:07,021 - INFO - Hoàn thành lọc. Filtered: 79445, Remaining: 153421
2025-09-02 09:02:58,772 - INFO - Bắt đầu lọc file: D:/Games/Baldurt's Gate VH/baldurts-gate-3/data/wip/Package English VH CutCanhTem Path8/english.xml
2025-09-02 09:02:58,772 - INFO - Filters: {'ui_technical': True, 'english': True, 'separate': True}
2025-09-02 09:03:46,063 - INFO - Đã xóa file báo cáo: output/filtered\filter_report_20250902_090259.json
2025-09-02 09:03:46,064 - INFO - Hoàn thành lọc. Filtered: 185872, Remaining: 100494
2025-09-02 09:06:49,248 - INFO - Bắt đầu lọc file: D:/Games/Baldurt's Gate VH/baldurts-gate-3/data/wip/Package English Path8_4.116897358/english.xml
2025-09-02 09:06:49,249 - INFO - Filters: {'ui_technical': True, 'english': False, 'separate': False}
2025-09-02 09:07:23,166 - INFO - Đã xóa file báo cáo: output/filtered\filter_report_20250902_090649.json
2025-09-02 09:07:23,167 - INFO - Hoàn thành lọc. Filtered: 106395, Remaining: 126477
2025-09-02 09:07:46,060 - INFO - Bắt đầu lọc file: D:/Games/Baldurt's Gate VH/baldurts-gate-3/data/wip/Package English Path8_4.116897358/english.xml
2025-09-02 09:07:46,060 - INFO - Filters: {'ui_technical': True, 'english': False, 'separate': True}
2025-09-02 09:08:21,549 - INFO - Đã xóa file báo cáo: output/filtered\filter_report_20250902_090746.json
2025-09-02 09:08:21,549 - INFO - Hoàn thành lọc. Filtered: 106395, Remaining: 126477
2025-09-02 09:33:31,817 - INFO - Bắt đầu lọc file: D:/Games/Baldurt's Gate VH/baldurts-gate-3/data/wip/Package English VH CutCanhTem Path8/english.xml
2025-09-02 09:33:31,817 - INFO - Filters: {'ui_technical': False, 'english': True, 'separate': True}
2025-09-02 09:34:10,307 - INFO - Đã xóa file báo cáo: output/filtered\filter_report_20250902_093332.json
2025-09-02 09:34:10,307 - INFO - Hoàn thành lọc. Filtered: 106427, Remaining: 126439
2025-09-02 09:38:11,877 - INFO - Bắt đầu lọc file: D:/Games/Baldurt's Gate VH/baldurts-gate-3/output/filtered/CutCanhTem_VH.xml
2025-09-02 09:38:11,877 - INFO - Filters: {'ui_technical': False, 'english': True, 'separate': True}
2025-09-02 09:38:33,150 - INFO - Đã xóa file báo cáo: output/filtered\filter_report_20250902_093812.json
2025-09-02 09:38:33,151 - INFO - Hoàn thành lọc. Filtered: 0, Remaining: 126439
